---
source: crates/arche-cli/src/output.rs
assertion_line: 693
expression: output
---
"{\n  \"type\": \"/errors/import-conflict\",\n  \"title\": \"Import conflicts require resolution\",\n  \"status\": 409,\n  \"detail\": \"2 conflicts found\",\n  \"conflicts\": [\n    {\n      \"resource_type\": \"blueprint\",\n      \"resource_id\": \"00000000-0000-0000-0000-000000000001\",\n      \"resource_name\": \"Longsword\",\n      \"attributes\": [\n        {\n          \"key\": \"damage\",\n          \"old_value\": {\n            \"min\": 10\n          },\n          \"new_value\": {\n            \"min\": 15\n          },\n          \"value_type\": \"range\"\n        }\n      ]\n    }\n  ],\n  \"import_token\": \"test-token-1\"\n}\n"
